[15:09:32] SKIP link-building-for-saas (gpt-run1.md exists)
[15:09:32] START link-building-for-small-businesses
[15:10:13] DONE link-building-for-small-businesses exit=0 elapsed=41s bytes=7818
[15:10:15] START link-building-for-ecommerce
[15:10:59] DONE link-building-for-ecommerce exit=0 elapsed=44s bytes=8075
[15:11:01] START link-building-for-local-seo
[15:11:25] DONE link-building-for-local-seo exit=8 elapsed=24s bytes=120
[15:11:28] START link-building-for-b2b
[15:12:12] DONE link-building-for-b2b exit=0 elapsed=44s bytes=6617
[15:12:14] START link-building-for-contractors
[15:13:05] DONE link-building-for-contractors exit=0 elapsed=51s bytes=8128
[15:13:07] START link-building-for-law-firms
[15:13:54] DONE link-building-for-law-firms exit=0 elapsed=47s bytes=6486
[15:13:56] START backlink-audit
[15:14:48] DONE backlink-audit exit=0 elapsed=52s bytes=7640
[15:14:50] START managed-link-building
[15:15:37] DONE managed-link-building exit=0 elapsed=47s bytes=6417
[15:15:39] START link-building-consultant
[15:15:54] DONE link-building-consultant exit=0 elapsed=15s bytes=148
[15:15:56] ALL DONE
